Ingrese seed: Ingrese tipo de sistema, aleatorio (0), binario (1) o disco (2): Ingrese numero de particulas: Ingrese dt: Ingrese G: Ingrese epsilon: Ingrese numero de pasos: Modos disponibles:
  0 -> Ejecucion Serial (Baseline Lab 1)
  1 -> Ejecucion CUDA (Simulacion completa)
  2 -> Validacion tolerancias CPU vs GPU (Rol 3)
  3 -> Ejecutar matriz de Benchmarks GPU (Rol 3)
Seleccione modo de simulacion: Ingrese tamano de bloque (ej. 256): Metodo de energia GPU - Reduccion compartida (0) o AtomicAdd (1): 
=== Caso 1: cuda ===
ciclo 1 listo (CUDA)
ciclo 11 listo (CUDA)
ciclo 21 listo (CUDA)
ciclo 31 listo (CUDA)
ciclo 41 listo (CUDA)
ciclo 51 listo (CUDA)
ciclo 61 listo (CUDA)
ciclo 71 listo (CUDA)
ciclo 81 listo (CUDA)
ciclo 91 listo (CUDA)
ciclo 101 listo (CUDA)
ciclo 111 listo (CUDA)
ciclo 121 listo (CUDA)
ciclo 131 listo (CUDA)
ciclo 141 listo (CUDA)
ciclo 151 listo (CUDA)
ciclo 161 listo (CUDA)
ciclo 171 listo (CUDA)
ciclo 181 listo (CUDA)
ciclo 191 listo (CUDA)
ciclo 201 listo (CUDA)
ciclo 211 listo (CUDA)
ciclo 221 listo (CUDA)
ciclo 231 listo (CUDA)
ciclo 241 listo (CUDA)
ciclo 251 listo (CUDA)
ciclo 261 listo (CUDA)
ciclo 271 listo (CUDA)
ciclo 281 listo (CUDA)
ciclo 291 listo (CUDA)
ciclo 301 listo (CUDA)
ciclo 311 listo (CUDA)
ciclo 321 listo (CUDA)
ciclo 331 listo (CUDA)
ciclo 341 listo (CUDA)
ciclo 351 listo (CUDA)
ciclo 361 listo (CUDA)
ciclo 371 listo (CUDA)
ciclo 381 listo (CUDA)
ciclo 391 listo (CUDA)
ciclo 401 listo (CUDA)
ciclo 411 listo (CUDA)
ciclo 421 listo (CUDA)
ciclo 431 listo (CUDA)
ciclo 441 listo (CUDA)
ciclo 451 listo (CUDA)
ciclo 461 listo (CUDA)
ciclo 471 listo (CUDA)
ciclo 481 listo (CUDA)
ciclo 491 listo (CUDA)
ciclo 501 listo (CUDA)
ciclo 511 listo (CUDA)
ciclo 521 listo (CUDA)
ciclo 531 listo (CUDA)
ciclo 541 listo (CUDA)
ciclo 551 listo (CUDA)
ciclo 561 listo (CUDA)
ciclo 571 listo (CUDA)
ciclo 581 listo (CUDA)
ciclo 591 listo (CUDA)
ciclo 601 listo (CUDA)
ciclo 611 listo (CUDA)
ciclo 621 listo (CUDA)
ciclo 631 listo (CUDA)
ciclo 641 listo (CUDA)
ciclo 651 listo (CUDA)
ciclo 661 listo (CUDA)
ciclo 671 listo (CUDA)
ciclo 681 listo (CUDA)
ciclo 691 listo (CUDA)
ciclo 701 listo (CUDA)
ciclo 711 listo (CUDA)
ciclo 721 listo (CUDA)
ciclo 731 listo (CUDA)
ciclo 741 listo (CUDA)
ciclo 751 listo (CUDA)
ciclo 761 listo (CUDA)
ciclo 771 listo (CUDA)
ciclo 781 listo (CUDA)
ciclo 791 listo (CUDA)
ciclo 801 listo (CUDA)
ciclo 811 listo (CUDA)
ciclo 821 listo (CUDA)
ciclo 831 listo (CUDA)
ciclo 841 listo (CUDA)
ciclo 851 listo (CUDA)
ciclo 861 listo (CUDA)
ciclo 871 listo (CUDA)
ciclo 881 listo (CUDA)
ciclo 891 listo (CUDA)
ciclo 901 listo (CUDA)
ciclo 911 listo (CUDA)
ciclo 921 listo (CUDA)
ciclo 931 listo (CUDA)
ciclo 941 listo (CUDA)
ciclo 951 listo (CUDA)
ciclo 961 listo (CUDA)
ciclo 971 listo (CUDA)
ciclo 981 listo (CUDA)
ciclo 991 listo (CUDA)
ciclo 1001 listo (CUDA)
ciclo 1011 listo (CUDA)
ciclo 1021 listo (CUDA)
ciclo 1031 listo (CUDA)
ciclo 1041 listo (CUDA)
ciclo 1051 listo (CUDA)
ciclo 1061 listo (CUDA)
ciclo 1071 listo (CUDA)
ciclo 1081 listo (CUDA)
ciclo 1091 listo (CUDA)
ciclo 1101 listo (CUDA)
ciclo 1111 listo (CUDA)
ciclo 1121 listo (CUDA)
ciclo 1131 listo (CUDA)
ciclo 1141 listo (CUDA)
ciclo 1151 listo (CUDA)
ciclo 1161 listo (CUDA)
ciclo 1171 listo (CUDA)
ciclo 1181 listo (CUDA)
ciclo 1191 listo (CUDA)
ciclo 1201 listo (CUDA)
ciclo 1211 listo (CUDA)
ciclo 1221 listo (CUDA)
ciclo 1231 listo (CUDA)
ciclo 1241 listo (CUDA)
ciclo 1251 listo (CUDA)
ciclo 1261 listo (CUDA)
ciclo 1271 listo (CUDA)
ciclo 1281 listo (CUDA)
ciclo 1291 listo (CUDA)
ciclo 1301 listo (CUDA)
ciclo 1311 listo (CUDA)
ciclo 1321 listo (CUDA)
ciclo 1331 listo (CUDA)
ciclo 1341 listo (CUDA)
ciclo 1351 listo (CUDA)
ciclo 1361 listo (CUDA)
ciclo 1371 listo (CUDA)
ciclo 1381 listo (CUDA)
ciclo 1391 listo (CUDA)
ciclo 1401 listo (CUDA)
ciclo 1411 listo (CUDA)
ciclo 1421 listo (CUDA)
ciclo 1431 listo (CUDA)
ciclo 1441 listo (CUDA)
ciclo 1451 listo (CUDA)
ciclo 1461 listo (CUDA)
ciclo 1471 listo (CUDA)
ciclo 1481 listo (CUDA)
ciclo 1491 listo (CUDA)
ciclo 1501 listo (CUDA)
ciclo 1511 listo (CUDA)
ciclo 1521 listo (CUDA)
ciclo 1531 listo (CUDA)
ciclo 1541 listo (CUDA)
ciclo 1551 listo (CUDA)
ciclo 1561 listo (CUDA)
ciclo 1571 listo (CUDA)
ciclo 1581 listo (CUDA)
ciclo 1591 listo (CUDA)
ciclo 1601 listo (CUDA)
ciclo 1611 listo (CUDA)
ciclo 1621 listo (CUDA)
ciclo 1631 listo (CUDA)
ciclo 1641 listo (CUDA)
ciclo 1651 listo (CUDA)
ciclo 1661 listo (CUDA)
ciclo 1671 listo (CUDA)
ciclo 1681 listo (CUDA)
ciclo 1691 listo (CUDA)
ciclo 1701 listo (CUDA)
ciclo 1711 listo (CUDA)
ciclo 1721 listo (CUDA)
ciclo 1731 listo (CUDA)
ciclo 1741 listo (CUDA)
ciclo 1751 listo (CUDA)
ciclo 1761 listo (CUDA)
ciclo 1771 listo (CUDA)
ciclo 1781 listo (CUDA)
ciclo 1791 listo (CUDA)
ciclo 1801 listo (CUDA)
ciclo 1811 listo (CUDA)
ciclo 1821 listo (CUDA)
ciclo 1831 listo (CUDA)
ciclo 1841 listo (CUDA)
ciclo 1851 listo (CUDA)
ciclo 1861 listo (CUDA)
ciclo 1871 listo (CUDA)
ciclo 1881 listo (CUDA)
ciclo 1891 listo (CUDA)
ciclo 1901 listo (CUDA)
ciclo 1911 listo (CUDA)
ciclo 1921 listo (CUDA)
ciclo 1931 listo (CUDA)
ciclo 1941 listo (CUDA)
ciclo 1951 listo (CUDA)
ciclo 1961 listo (CUDA)
ciclo 1971 listo (CUDA)
ciclo 1981 listo (CUDA)
ciclo 1991 listo (CUDA)
ciclo 2001 listo (CUDA)
ciclo 2011 listo (CUDA)
ciclo 2021 listo (CUDA)
ciclo 2031 listo (CUDA)
ciclo 2041 listo (CUDA)
ciclo 2051 listo (CUDA)
ciclo 2061 listo (CUDA)
ciclo 2071 listo (CUDA)
ciclo 2081 listo (CUDA)
ciclo 2091 listo (CUDA)
ciclo 2101 listo (CUDA)
ciclo 2111 listo (CUDA)
ciclo 2121 listo (CUDA)
ciclo 2131 listo (CUDA)
ciclo 2141 listo (CUDA)
ciclo 2151 listo (CUDA)
ciclo 2161 listo (CUDA)
ciclo 2171 listo (CUDA)
ciclo 2181 listo (CUDA)
ciclo 2191 listo (CUDA)
ciclo 2201 listo (CUDA)
ciclo 2211 listo (CUDA)
ciclo 2221 listo (CUDA)
ciclo 2231 listo (CUDA)
ciclo 2241 listo (CUDA)
ciclo 2251 listo (CUDA)
ciclo 2261 listo (CUDA)
ciclo 2271 listo (CUDA)
ciclo 2281 listo (CUDA)
ciclo 2291 listo (CUDA)
ciclo 2301 listo (CUDA)
ciclo 2311 listo (CUDA)
ciclo 2321 listo (CUDA)
ciclo 2331 listo (CUDA)
ciclo 2341 listo (CUDA)
ciclo 2351 listo (CUDA)
ciclo 2361 listo (CUDA)
ciclo 2371 listo (CUDA)
ciclo 2381 listo (CUDA)
ciclo 2391 listo (CUDA)
ciclo 2401 listo (CUDA)
ciclo 2411 listo (CUDA)
ciclo 2421 listo (CUDA)
ciclo 2431 listo (CUDA)
ciclo 2441 listo (CUDA)
ciclo 2451 listo (CUDA)
ciclo 2461 listo (CUDA)
ciclo 2471 listo (CUDA)
ciclo 2481 listo (CUDA)
ciclo 2491 listo (CUDA)
ciclo 2501 listo (CUDA)
ciclo 2511 listo (CUDA)
ciclo 2521 listo (CUDA)
ciclo 2531 listo (CUDA)
ciclo 2541 listo (CUDA)
ciclo 2551 listo (CUDA)
ciclo 2561 listo (CUDA)
ciclo 2571 listo (CUDA)
ciclo 2581 listo (CUDA)
ciclo 2591 listo (CUDA)
ciclo 2601 listo (CUDA)
ciclo 2611 listo (CUDA)
ciclo 2621 listo (CUDA)
ciclo 2631 listo (CUDA)
ciclo 2641 listo (CUDA)
ciclo 2651 listo (CUDA)
ciclo 2661 listo (CUDA)
ciclo 2671 listo (CUDA)
ciclo 2681 listo (CUDA)
ciclo 2691 listo (CUDA)
ciclo 2701 listo (CUDA)
ciclo 2711 listo (CUDA)
ciclo 2721 listo (CUDA)
ciclo 2731 listo (CUDA)
ciclo 2741 listo (CUDA)
ciclo 2751 listo (CUDA)
ciclo 2761 listo (CUDA)
ciclo 2771 listo (CUDA)
ciclo 2781 listo (CUDA)
ciclo 2791 listo (CUDA)
ciclo 2801 listo (CUDA)
ciclo 2811 listo (CUDA)
ciclo 2821 listo (CUDA)
ciclo 2831 listo (CUDA)
ciclo 2841 listo (CUDA)
ciclo 2851 listo (CUDA)
ciclo 2861 listo (CUDA)
ciclo 2871 listo (CUDA)
ciclo 2881 listo (CUDA)
ciclo 2891 listo (CUDA)
ciclo 2901 listo (CUDA)
ciclo 2911 listo (CUDA)
ciclo 2921 listo (CUDA)
ciclo 2931 listo (CUDA)
ciclo 2941 listo (CUDA)
ciclo 2951 listo (CUDA)
ciclo 2961 listo (CUDA)
ciclo 2971 listo (CUDA)
ciclo 2981 listo (CUDA)
ciclo 2991 listo (CUDA)
ciclo 3001 listo (CUDA)
ciclo 3011 listo (CUDA)
ciclo 3021 listo (CUDA)
ciclo 3031 listo (CUDA)
ciclo 3041 listo (CUDA)
ciclo 3051 listo (CUDA)
ciclo 3061 listo (CUDA)
ciclo 3071 listo (CUDA)
ciclo 3081 listo (CUDA)
ciclo 3091 listo (CUDA)
ciclo 3101 listo (CUDA)
ciclo 3111 listo (CUDA)
ciclo 3121 listo (CUDA)
ciclo 3131 listo (CUDA)
ciclo 3141 listo (CUDA)
ciclo 3151 listo (CUDA)
ciclo 3161 listo (CUDA)
ciclo 3171 listo (CUDA)
ciclo 3181 listo (CUDA)
ciclo 3191 listo (CUDA)
ciclo 3201 listo (CUDA)
ciclo 3211 listo (CUDA)
ciclo 3221 listo (CUDA)
ciclo 3231 listo (CUDA)
ciclo 3241 listo (CUDA)
ciclo 3251 listo (CUDA)
ciclo 3261 listo (CUDA)
ciclo 3271 listo (CUDA)
ciclo 3281 listo (CUDA)
ciclo 3291 listo (CUDA)
ciclo 3301 listo (CUDA)
ciclo 3311 listo (CUDA)
ciclo 3321 listo (CUDA)
ciclo 3331 listo (CUDA)
ciclo 3341 listo (CUDA)
ciclo 3351 listo (CUDA)
ciclo 3361 listo (CUDA)
ciclo 3371 listo (CUDA)
ciclo 3381 listo (CUDA)
ciclo 3391 listo (CUDA)
ciclo 3401 listo (CUDA)
ciclo 3411 listo (CUDA)
ciclo 3421 listo (CUDA)
ciclo 3431 listo (CUDA)
ciclo 3441 listo (CUDA)
ciclo 3451 listo (CUDA)
ciclo 3461 listo (CUDA)
ciclo 3471 listo (CUDA)
ciclo 3481 listo (CUDA)
ciclo 3491 listo (CUDA)
ciclo 3501 listo (CUDA)
ciclo 3511 listo (CUDA)
ciclo 3521 listo (CUDA)
ciclo 3531 listo (CUDA)
ciclo 3541 listo (CUDA)
ciclo 3551 listo (CUDA)
ciclo 3561 listo (CUDA)
ciclo 3571 listo (CUDA)
ciclo 3581 listo (CUDA)
ciclo 3591 listo (CUDA)
ciclo 3601 listo (CUDA)
ciclo 3611 listo (CUDA)
ciclo 3621 listo (CUDA)
ciclo 3631 listo (CUDA)
ciclo 3641 listo (CUDA)
ciclo 3651 listo (CUDA)
ciclo 3661 listo (CUDA)
ciclo 3671 listo (CUDA)
ciclo 3681 listo (CUDA)
ciclo 3691 listo (CUDA)
ciclo 3701 listo (CUDA)
ciclo 3711 listo (CUDA)
ciclo 3721 listo (CUDA)
ciclo 3731 listo (CUDA)
ciclo 3741 listo (CUDA)
ciclo 3751 listo (CUDA)
ciclo 3761 listo (CUDA)
ciclo 3771 listo (CUDA)
ciclo 3781 listo (CUDA)
ciclo 3791 listo (CUDA)
ciclo 3801 listo (CUDA)
ciclo 3811 listo (CUDA)
ciclo 3821 listo (CUDA)
ciclo 3831 listo (CUDA)
ciclo 3841 listo (CUDA)
ciclo 3851 listo (CUDA)
ciclo 3861 listo (CUDA)
ciclo 3871 listo (CUDA)
ciclo 3881 listo (CUDA)
ciclo 3891 listo (CUDA)
ciclo 3901 listo (CUDA)
ciclo 3911 listo (CUDA)
ciclo 3921 listo (CUDA)
ciclo 3931 listo (CUDA)
ciclo 3941 listo (CUDA)
ciclo 3951 listo (CUDA)
ciclo 3961 listo (CUDA)
ciclo 3971 listo (CUDA)
ciclo 3981 listo (CUDA)
ciclo 3991 listo (CUDA)
ciclo 4001 listo (CUDA)
ciclo 4011 listo (CUDA)
ciclo 4021 listo (CUDA)
ciclo 4031 listo (CUDA)
ciclo 4041 listo (CUDA)
ciclo 4051 listo (CUDA)
ciclo 4061 listo (CUDA)
ciclo 4071 listo (CUDA)
ciclo 4081 listo (CUDA)
ciclo 4091 listo (CUDA)
ciclo 4101 listo (CUDA)
ciclo 4111 listo (CUDA)
ciclo 4121 listo (CUDA)
ciclo 4131 listo (CUDA)
ciclo 4141 listo (CUDA)
ciclo 4151 listo (CUDA)
ciclo 4161 listo (CUDA)
ciclo 4171 listo (CUDA)
ciclo 4181 listo (CUDA)
ciclo 4191 listo (CUDA)
ciclo 4201 listo (CUDA)
ciclo 4211 listo (CUDA)
ciclo 4221 listo (CUDA)
ciclo 4231 listo (CUDA)
ciclo 4241 listo (CUDA)
ciclo 4251 listo (CUDA)
ciclo 4261 listo (CUDA)
ciclo 4271 listo (CUDA)
ciclo 4281 listo (CUDA)
ciclo 4291 listo (CUDA)
ciclo 4301 listo (CUDA)
ciclo 4311 listo (CUDA)
ciclo 4321 listo (CUDA)
ciclo 4331 listo (CUDA)
ciclo 4341 listo (CUDA)
ciclo 4351 listo (CUDA)
ciclo 4361 listo (CUDA)
ciclo 4371 listo (CUDA)
ciclo 4381 listo (CUDA)
ciclo 4391 listo (CUDA)
ciclo 4401 listo (CUDA)
ciclo 4411 listo (CUDA)
ciclo 4421 listo (CUDA)
ciclo 4431 listo (CUDA)
ciclo 4441 listo (CUDA)
ciclo 4451 listo (CUDA)
ciclo 4461 listo (CUDA)
ciclo 4471 listo (CUDA)
ciclo 4481 listo (CUDA)
ciclo 4491 listo (CUDA)
ciclo 4501 listo (CUDA)
ciclo 4511 listo (CUDA)
ciclo 4521 listo (CUDA)
ciclo 4531 listo (CUDA)
ciclo 4541 listo (CUDA)
ciclo 4551 listo (CUDA)
ciclo 4561 listo (CUDA)
ciclo 4571 listo (CUDA)
ciclo 4581 listo (CUDA)
ciclo 4591 listo (CUDA)
ciclo 4601 listo (CUDA)
ciclo 4611 listo (CUDA)
ciclo 4621 listo (CUDA)
ciclo 4631 listo (CUDA)
ciclo 4641 listo (CUDA)
ciclo 4651 listo (CUDA)
ciclo 4661 listo (CUDA)
ciclo 4671 listo (CUDA)
ciclo 4681 listo (CUDA)
ciclo 4691 listo (CUDA)
ciclo 4701 listo (CUDA)
ciclo 4711 listo (CUDA)
ciclo 4721 listo (CUDA)
ciclo 4731 listo (CUDA)
ciclo 4741 listo (CUDA)
ciclo 4751 listo (CUDA)
ciclo 4761 listo (CUDA)
ciclo 4771 listo (CUDA)
ciclo 4781 listo (CUDA)
ciclo 4791 listo (CUDA)
ciclo 4801 listo (CUDA)
ciclo 4811 listo (CUDA)
ciclo 4821 listo (CUDA)
ciclo 4831 listo (CUDA)
ciclo 4841 listo (CUDA)
ciclo 4851 listo (CUDA)
ciclo 4861 listo (CUDA)
ciclo 4871 listo (CUDA)
ciclo 4881 listo (CUDA)
ciclo 4891 listo (CUDA)
ciclo 4901 listo (CUDA)
ciclo 4911 listo (CUDA)
ciclo 4921 listo (CUDA)
ciclo 4931 listo (CUDA)
ciclo 4941 listo (CUDA)
ciclo 4951 listo (CUDA)
ciclo 4961 listo (CUDA)
ciclo 4971 listo (CUDA)
ciclo 4981 listo (CUDA)
ciclo 4991 listo (CUDA)
Simulacion hecha en 4.50956741 segundos.
