Ingrese seed: Ingrese tipo de sistema, aleatorio (0), binario (1) o disco (2): Ingrese numero de particulas: Ingrese dt: Ingrese G: Ingrese epsilon: Ingrese numero de pasos: Modos disponibles:
  0 -> Ejecucion Serial (Baseline Lab 1)
  1 -> Ejecucion CUDA (Simulacion completa)
  2 -> Validacion tolerancias CPU vs GPU (Rol 3)
  3 -> Ejecutar matriz de Benchmarks GPU (Rol 3)
Seleccione modo de simulacion: Ingrese tamano de bloque (ej. 256): Metodo de energia GPU - Reduccion compartida (0) o AtomicAdd (1): 
=== Caso 1: cuda ===
ciclo 1 listo (CUDA)
ciclo 11 listo (CUDA)
ciclo 21 listo (CUDA)
ciclo 31 listo (CUDA)
ciclo 41 listo (CUDA)
ciclo 51 listo (CUDA)
ciclo 61 listo (CUDA)
ciclo 71 listo (CUDA)
ciclo 81 listo (CUDA)
ciclo 91 listo (CUDA)
ciclo 101 listo (CUDA)
ciclo 111 listo (CUDA)
ciclo 121 listo (CUDA)
ciclo 131 listo (CUDA)
ciclo 141 listo (CUDA)
ciclo 151 listo (CUDA)
ciclo 161 listo (CUDA)
ciclo 171 listo (CUDA)
ciclo 181 listo (CUDA)
ciclo 191 listo (CUDA)
ciclo 201 listo (CUDA)
ciclo 211 listo (CUDA)
ciclo 221 listo (CUDA)
ciclo 231 listo (CUDA)
ciclo 241 listo (CUDA)
ciclo 251 listo (CUDA)
ciclo 261 listo (CUDA)
ciclo 271 listo (CUDA)
ciclo 281 listo (CUDA)
ciclo 291 listo (CUDA)
ciclo 301 listo (CUDA)
ciclo 311 listo (CUDA)
ciclo 321 listo (CUDA)
ciclo 331 listo (CUDA)
ciclo 341 listo (CUDA)
ciclo 351 listo (CUDA)
ciclo 361 listo (CUDA)
ciclo 371 listo (CUDA)
ciclo 381 listo (CUDA)
ciclo 391 listo (CUDA)
ciclo 401 listo (CUDA)
ciclo 411 listo (CUDA)
ciclo 421 listo (CUDA)
ciclo 431 listo (CUDA)
ciclo 441 listo (CUDA)
ciclo 451 listo (CUDA)
ciclo 461 listo (CUDA)
ciclo 471 listo (CUDA)
ciclo 481 listo (CUDA)
ciclo 491 listo (CUDA)
ciclo 501 listo (CUDA)
ciclo 511 listo (CUDA)
ciclo 521 listo (CUDA)
ciclo 531 listo (CUDA)
ciclo 541 listo (CUDA)
ciclo 551 listo (CUDA)
ciclo 561 listo (CUDA)
ciclo 571 listo (CUDA)
ciclo 581 listo (CUDA)
ciclo 591 listo (CUDA)
ciclo 601 listo (CUDA)
ciclo 611 listo (CUDA)
ciclo 621 listo (CUDA)
ciclo 631 listo (CUDA)
ciclo 641 listo (CUDA)
ciclo 651 listo (CUDA)
ciclo 661 listo (CUDA)
ciclo 671 listo (CUDA)
ciclo 681 listo (CUDA)
ciclo 691 listo (CUDA)
ciclo 701 listo (CUDA)
ciclo 711 listo (CUDA)
ciclo 721 listo (CUDA)
ciclo 731 listo (CUDA)
ciclo 741 listo (CUDA)
ciclo 751 listo (CUDA)
ciclo 761 listo (CUDA)
ciclo 771 listo (CUDA)
ciclo 781 listo (CUDA)
ciclo 791 listo (CUDA)
ciclo 801 listo (CUDA)
ciclo 811 listo (CUDA)
ciclo 821 listo (CUDA)
ciclo 831 listo (CUDA)
ciclo 841 listo (CUDA)
ciclo 851 listo (CUDA)
ciclo 861 listo (CUDA)
ciclo 871 listo (CUDA)
ciclo 881 listo (CUDA)
ciclo 891 listo (CUDA)
ciclo 901 listo (CUDA)
ciclo 911 listo (CUDA)
ciclo 921 listo (CUDA)
ciclo 931 listo (CUDA)
ciclo 941 listo (CUDA)
ciclo 951 listo (CUDA)
ciclo 961 listo (CUDA)
ciclo 971 listo (CUDA)
ciclo 981 listo (CUDA)
ciclo 991 listo (CUDA)
Simulacion hecha en 2.18368284 segundos.
